




--
--
--
--
--
---
-

-
-
--



https://github.com/rafagr11/proyecto.git

sdist@CC201-19 MINGW64 ~
$ cd

sdist@CC201-19 MINGW64 ~
$ desktop
bash: desktop: command not found

sdist@CC201-19 MINGW64 ~
$ cd Desktop

sdist@CC201-19 MINGW64 ~/Desktop
$ clone https://github.com/rafagr11/proyecto.git
bash: clone: command not found



sdist@CC201-19 MINGW64 ~/Desktop
$ git clone https://github.com/rafagr11/proyecto.git
Cloning into 'proyecto'...
remote: Counting objects: 4, done.
remote: Compressing objects: 100% (3/3), done.
remote: Total 4 (delta 0), reused 0 (delta 0), pack-reused 0
Unpacking objects: 100% (4/4), done.

sdist@CC201-19 MINGW64 ~/Desktop
$ cd proyecto

sdist@CC201-19 MINGW64 ~/Desktop/proyecto (master)
$ cd nepe
bash: cd: nepe: No such file or directory

sdist@CC201-19 MINGW64 ~/Desktop/proyecto (master)
$ cd nepe.txt
bash: cd: nepe.txt: Not a directory

sdist@CC201-19 MINGW64 ~/Desktop/proyecto (master)
$ git status
On branch master
Your branch is up-to-date with 'origin/master'.
Untracked files:
  (use "git add <file>..." to include in what will be committed)

        nepe.txt

nothing added to commit but untracked files present (use "git add" to track)

sdist@CC201-19 MINGW64 ~/Desktop/proyecto (master)
$ git add nepe.txt

sdist@CC201-19 MINGW64 ~/Desktop/proyecto (master)
$ git status
On branch master
Your branch is up-to-date with 'origin/master'.
Changes to be committed:
  (use "git reset HEAD <file>..." to unstage)

        new file:   nepe.txt


sdist@CC201-19 MINGW64 ~/Desktop/proyecto (master)
$
